WDR 0000000 500000 1111111 ***
EOS 0000000 000 0000000 ***
