DEL 1111111 000 0000000 Joe Smith
EOS 0000000 000 0000000 ***
