DEP 1111111 2000 0000000 ***
EOS 0000000 000 0000000 ***
