DEP 1111111 200000 0000000 ***
DEP 1111111 200000 0000000 ***
EOS 0000000 000 0000000 ***
