WDR 0000000 100000 1111111 ***
WDR 0000000 100000 1111111 ***
WDR 0000000 100000 1111111 ***
WDR 0000000 100000 1111111 ***
WDR 0000000 100000 1111111 ***
EOS 0000000 000 0000000 ***
