DEP 1111111 1000000 0000000 ***
EOS 0000000 000 0000000 ***
