XFR 1111111 750000 2222222 ***
EOS 0000000 000 0000000 ***
