XFR 1111111 7500000 2222222 ***
EOS 0000000 000 0000000 ***
